[288月2026 23:51:00.777] [main/INFO] [net.neoforged.fml.startup.Entrypoint/]: JVM Uptime at startup: 138ms
[288月2026 23:51:00.785] [main/INFO] [net.neoforged.fml.loading.FMLLoader/]: Starting FancyModLoader version 10.0.36 (CLIENT in DEV)
[288月2026 23:51:00.785] [main/INFO] [net.neoforged.fml.loading.FMLLoader/]: Game directory: E:\DSH\WAKEUP\run
[288月2026 23:51:00.786] [main/DEBUG] [net.neoforged.fml.loading.FMLPaths/CORE]: Path GAMEDIR is E:\DSH\WAKEUP\run
[288月2026 23:51:00.786] [main/DEBUG] [net.neoforged.fml.loading.FMLPaths/CORE]: Path JIJ_CACHEDIR is E:\DSH\WAKEUP\run\.cache\jij
[288月2026 23:51:00.787] [main/DEBUG] [net.neoforged.fml.loading.FMLPaths/CORE]: Path MODSDIR is E:\DSH\WAKEUP\run\mods
[288月2026 23:51:00.787] [main/DEBUG] [net.neoforged.fml.loading.FMLPaths/CORE]: Path CONFIGDIR is E:\DSH\WAKEUP\run\config
[288月2026 23:51:00.787] [main/DEBUG] [net.neoforged.fml.loading.FMLPaths/CORE]: Path FMLCONFIG is E:\DSH\WAKEUP\run\config\fml.toml
[288月2026 23:51:00.827] [ForkJoinPool.commonPool-worker-10/DEBUG] [net.neoforged.fml.loading.EarlyServiceDiscovery/]: C:\Users\Whyij\.gradle\caches\modules-2\files-2.1\net.neoforged.fancymodloader\earlydisplay\10.0.36\dbd0e11d545443f602addede111c39d9639708f9\earlydisplay-10.0.36.jar contains early service net.neoforged.neoforgespi.earlywindow.ImmediateWindowProvider
[288月2026 23:51:00.829] [ForkJoinPool.commonPool-worker-5/DEBUG] [net.neoforged.fml.loading.EarlyServiceDiscovery/]: C:\Users\Whyij\.gradle\caches\modules-2\files-2.1\net.neoforged.fancymodloader\loader\10.0.36\f72ab4d3e755fe736829883d90430a281527aca\loader-10.0.36.jar contains early service net.neoforged.neoforgespi.locating.IDependencyLocator
[288月2026 23:51:00.837] [ForkJoinPool.commonPool-worker-5/DEBUG] [net.neoforged.fml.loading.moddiscovery.ModFile/LOADING]: Loading mod file C:\Users\Whyij\.gradle\caches\modules-2\files-2.1\net.neoforged.fancymodloader\loader\10.0.36\f72ab4d3e755fe736829883d90430a281527aca\loader-10.0.36.jar with languages []
[288月2026 23:51:00.837] [ForkJoinPool.commonPool-worker-10/DEBUG] [net.neoforged.fml.loading.moddiscovery.ModFile/LOADING]: Loading mod file C:\Users\Whyij\.gradle\caches\modules-2\files-2.1\net.neoforged.fancymodloader\earlydisplay\10.0.36\dbd0e11d545443f602addede111c39d9639708f9\earlydisplay-10.0.36.jar with languages []
[288月2026 23:51:00.839] [main/INFO] [net.neoforged.fml.loading.EarlyServiceDiscovery/]: Found 2 early service jars (out of 104) in 25ms
[288月2026 23:51:00.840] [main/INFO] [net.neoforged.fml.loading.FMLLoader/]: Loading FML Early Services:
[288月2026 23:51:00.841] [main/INFO] [net.neoforged.fml.loading.FMLLoader/]:  - C:/Users/Whyij/.gradle/caches/modules-2/files-2.1/net.neoforged.fancymodloader/earlydisplay/10.0.36/dbd0e11d545443f602addede111c39d9639708f9/earlydisplay-10.0.36.jar
[288月2026 23:51:00.841] [main/INFO] [net.neoforged.fml.loading.FMLLoader/]:  - C:/Users/Whyij/.gradle/caches/modules-2/files-2.1/net.neoforged.fancymodloader/loader/10.0.36/f72ab4d3e755fe736829883d90430a281527aca/loader-10.0.36.jar
[288月2026 23:51:00.846] [main/DEBUG] [net.neoforged.fml.util.ServiceLoaderUtil/CORE]: Found 0 implementations of GraphicsBootstrapper:
[288月2026 23:51:00.846] [main/INFO] [net.neoforged.fml.loading.ImmediateWindowHandler/]: Loading ImmediateWindowProvider fmlearlywindow
[288月2026 23:51:00.851] [main/DEBUG] [net.neoforged.fml.util.ServiceLoaderUtil/CORE]: Found 1 implementations of ImmediateWindowProvider:
[288月2026 23:51:00.851] [main/DEBUG] [net.neoforged.fml.util.ServiceLoaderUtil/CORE]: 	net.neoforged.fml.earlydisplay.DisplayWindow from C:/Users/Whyij/.gradle/caches/modules-2/files-2.1/net.neoforged.fancymodloader/earlydisplay/10.0.36/dbd0e11d545443f602addede111c39d9639708f9/earlydisplay-10.0.36.jar
[288月2026 23:51:00.886] [main/DEBUG] [net.neoforged.fml.earlydisplay.theme.ThemeLoader/]: Loading built-in theme default
[288月2026 23:51:01.232] [ForkJoinPool.commonPool-worker-9/DEBUG] [net.neoforged.fml.util.ServiceLoaderUtil/CORE]: Found 4 implementations of IModFileCandidateLocator:
[288月2026 23:51:01.233] [ForkJoinPool.commonPool-worker-9/DEBUG] [net.neoforged.fml.util.ServiceLoaderUtil/CORE]: 	    1000 - [built-in] net.neoforged.fml.loading.moddiscovery.locators.GameLocator from C:/Users/Whyij/.gradle/caches/modules-2/files-2.1/net.neoforged.fancymodloader/loader/10.0.36/f72ab4d3e755fe736829883d90430a281527aca/loader-10.0.36.jar
[288月2026 23:51:01.233] [ForkJoinPool.commonPool-worker-9/DEBUG] [net.neoforged.fml.util.ServiceLoaderUtil/CORE]: 	    1000 - [built-in] net.neoforged.fml.loading.moddiscovery.locators.InDevFolderLocator from C:/Users/Whyij/.gradle/caches/modules-2/files-2.1/net.neoforged.fancymodloader/loader/10.0.36/f72ab4d3e755fe736829883d90430a281527aca/loader-10.0.36.jar
[288月2026 23:51:01.234] [ForkJoinPool.commonPool-worker-9/DEBUG] [net.neoforged.fml.util.ServiceLoaderUtil/CORE]: 	    1000 - [built-in] net.neoforged.fml.loading.moddiscovery.locators.InDevJarLocator from C:/Users/Whyij/.gradle/caches/modules-2/files-2.1/net.neoforged.fancymodloader/loader/10.0.36/f72ab4d3e755fe736829883d90430a281527aca/loader-10.0.36.jar
[288月2026 23:51:01.234] [ForkJoinPool.commonPool-worker-9/DEBUG] [net.neoforged.fml.util.ServiceLoaderUtil/CORE]: 	       0 - [built-in] net.neoforged.fml.loading.moddiscovery.locators.ModsFolderLocator from C:/Users/Whyij/.gradle/caches/modules-2/files-2.1/net.neoforged.fancymodloader/loader/10.0.36/f72ab4d3e755fe736829883d90430a281527aca/loader-10.0.36.jar
[288月2026 23:51:01.236] [ForkJoinPool.commonPool-worker-9/DEBUG] [net.neoforged.fml.util.ServiceLoaderUtil/CORE]: Found 2 implementations of IModFileReader:
[288月2026 23:51:01.236] [ForkJoinPool.commonPool-worker-9/DEBUG] [net.neoforged.fml.util.ServiceLoaderUtil/CORE]: 	       0 - net.neoforged.fml.loading.moddiscovery.readers.JarModsDotTomlModFileReader from C:/Users/Whyij/.gradle/caches/modules-2/files-2.1/net.neoforged.fancymodloader/loader/10.0.36/f72ab4d3e755fe736829883d90430a281527aca/loader-10.0.36.jar
[288月2026 23:51:01.236] [ForkJoinPool.commonPool-worker-9/DEBUG] [net.neoforged.fml.util.ServiceLoaderUtil/CORE]: 	   -1000 - net.neoforged.fml.loading.moddiscovery.readers.NestedLibraryModReader from C:/Users/Whyij/.gradle/caches/modules-2/files-2.1/net.neoforged.fancymodloader/loader/10.0.36/f72ab4d3e755fe736829883d90430a281527aca/loader-10.0.36.jar
[288月2026 23:51:01.239] [ForkJoinPool.commonPool-worker-9/DEBUG] [net.neoforged.fml.util.ServiceLoaderUtil/CORE]: Found 1 implementations of IDependencyLocator:
[288月2026 23:51:01.239] [ForkJoinPool.commonPool-worker-9/DEBUG] [net.neoforged.fml.util.ServiceLoaderUtil/CORE]: 	       0 - net.neoforged.fml.loading.moddiscovery.locators.JarInJarDependencyLocator from C:/Users/Whyij/.gradle/caches/modules-2/files-2.1/net.neoforged.fancymodloader/loader/10.0.36/f72ab4d3e755fe736829883d90430a281527aca/loader-10.0.36.jar
[288月2026 23:51:01.269] [ForkJoinPool.commonPool-worker-9/DEBUG] [net.neoforged.fml.loading.moddiscovery.locators.RequiredSystemFiles/]: Found NeoForge MANIFEST.MF in jar(E:/DSH/WAKEUP/build/moddev/artifacts/neoforge-21.11.45.jar)
[288月2026 23:51:01.270] [ForkJoinPool.commonPool-worker-9/INFO] [net.neoforged.fml.loading.moddiscovery.locators.GameLocator/]: Detected a joined NeoForge and Minecraft configuration. Applying filtering...
[288月2026 23:51:01.363] [ForkJoinPool.commonPool-worker-9/DEBUG] [net.neoforged.fml.loading.moddiscovery.ModFileInfo/LOADING]: Found valid mod file neoforge-21.11.45-client-extra-aka-minecraft-resources.jar with {minecraft} mods - versions {1.21.11}
[288月2026 23:51:01.365] [ForkJoinPool.commonPool-worker-9/DEBUG] [net.neoforged.fml.loading.moddiscovery.ModFile/LOADING]: Loading mod file E:\DSH\WAKEUP\build\moddev\artifacts\neoforge-21.11.45-client-extra-aka-minecraft-resources.jar with languages [LanguageSpec[languageName=minecraft, acceptedVersions=1]]
[288月2026 23:51:01.366] [ForkJoinPool.commonPool-worker-9/DEBUG] [net.neoforged.fml.loading.moddiscovery.ModFileParser/LOADING]: Considering mod file candidate E:\DSH\WAKEUP\build\moddev\artifacts\neoforge-21.11.45.jar
[288月2026 23:51:01.368] [ForkJoinPool.commonPool-worker-9/DEBUG] [net.neoforged.fml.loading.moddiscovery.ModFileInfo/LOADING]: Found valid mod file neoforge-21.11.45.jar with {neoforge} mods - versions {21.11.45}
[288月2026 23:51:01.369] [ForkJoinPool.commonPool-worker-9/DEBUG] [net.neoforged.fml.loading.moddiscovery.ModFile/LOADING]: Loading mod file E:\DSH\WAKEUP\build\moddev\artifacts\neoforge-21.11.45.jar with languages [LanguageSpec[languageName=javafml, acceptedVersions=[3,]]]
[288月2026 23:51:01.372] [ForkJoinPool.commonPool-worker-9/DEBUG] [net.neoforged.fml.loading.moddiscovery.ModFile/LOADING]: Found mixin config MixinConfig[config=neoforge.mixins.json, requiredMods=[], behaviorVersion=null]
[288月2026 23:51:01.374] [ForkJoinPool.commonPool-worker-9/INFO] [net.neoforged.fml.loading.moddiscovery.locators.InDevFolderLocator/CORE]: Got mod coordinates wakeup%%E:\\DSH\\WAKEUP\\build\\classes\\java\\main;wakeup%%E:\\DSH\\WAKEUP\\build\\resources\\main from env
[288月2026 23:51:01.379] [ForkJoinPool.commonPool-worker-9/DEBUG] [net.neoforged.fml.loading.moddiscovery.ModFileParser/LOADING]: Considering mod file candidate E:\DSH\WAKEUP\build\classes\java\main
[288月2026 23:51:01.383] [ForkJoinPool.commonPool-worker-9/DEBUG] [net.neoforged.fml.loading.moddiscovery.ModFileInfo/LOADING]: Found valid mod file main with {wakeup} mods - versions {1.1.0-1.21.11}
[288月2026 23:51:01.383] [ForkJoinPool.commonPool-worker-9/DEBUG] [net.neoforged.fml.loading.moddiscovery.ModFile/LOADING]: Loading mod file E:\DSH\WAKEUP\build\classes\java\main with languages [LanguageSpec[languageName=javafml, acceptedVersions=[4,)]]
[288月2026 23:51:01.383] [ForkJoinPool.commonPool-worker-9/DEBUG] [net.neoforged.fml.loading.moddiscovery.ModFile/LOADING]: Found mixin config MixinConfig[config=wakeup.mixins.json, requiredMods=[], behaviorVersion=null]
[288月2026 23:51:01.384] [ForkJoinPool.commonPool-worker-9/DEBUG] [net.neoforged.fml.loading.moddiscovery.ModDiscoverer/]: Skipping E:\DSH\WAKEUP\build\moddev\artifacts\neoforge-21.11.45.jar because it was already located earlier
[288月2026 23:51:01.385] [fml-loadingscreen/INFO] [net.neoforged.fml.earlydisplay.render.LoadingScreenRenderer/]: GL info: NVIDIA GeForce RTX 3070/PCIe/SSE2 GL version 3.3.0 NVIDIA 610.62, NVIDIA Corporation
[288月2026 23:51:01.461] [ForkJoinPool.commonPool-worker-9/DEBUG] [net.neoforged.fml.loading.moddiscovery.ModFile/LOADING]: Loading mod file E:\DSH\WAKEUP\run\.cache\jij\9822e773bd9f42d36ed53ea3d67486207291747a7bfacc29beeb92040721bc9b\mixinextras-neoforge-0.5.3.jar with languages []
[288月2026 23:51:01.463] [ForkJoinPool.commonPool-worker-9/DEBUG] [net.neoforged.fml.loading.moddiscovery.ModFile/LOADING]: Loading mod file E:\DSH\WAKEUP\run\.cache\jij\54bb3c61f37ced77ba30dc02ca5b2f71ced259612101a8b1325855cff9d9755c\net.neoforged.neoforge-coremods-21.11.45.jar with languages []
[288月2026 23:51:01.491] [ForkJoinPool.commonPool-worker-9/INFO] [net.neoforged.fml.loading.moddiscovery.locators.JarInJarDependencyLocator/]: Found 2 dependencies adding them to mods collection
[288月2026 23:51:01.493] [ForkJoinPool.commonPool-worker-9/INFO] [net.neoforged.fml.loading.moddiscovery.ModDiscoverer/]: 
     Mod List:
		Name Version (Mod Id)

		Minecraft 1.21.11 (minecraft)
		NeoForge 21.11.45 (neoforge)
		Wakeup 1.1.0-1.21.11 (wakeup)
[288月2026 23:51:01.496] [ForkJoinPool.commonPool-worker-9/DEBUG] [net.neoforged.fml.loading.ModSorter/]: Configured system mods: [minecraft, neoforge]
[288月2026 23:51:01.496] [ForkJoinPool.commonPool-worker-9/DEBUG] [net.neoforged.fml.loading.ModSorter/]: Found system mod: minecraft
[288月2026 23:51:01.496] [ForkJoinPool.commonPool-worker-9/DEBUG] [net.neoforged.fml.loading.ModSorter/]: Found system mod: neoforge
[288月2026 23:51:01.498] [ForkJoinPool.commonPool-worker-9/DEBUG] [net.neoforged.fml.loading.ModSorter/LOADING]: Found 2 mod requirements (2 mandatory, 0 optional)
[288月2026 23:51:01.498] [ForkJoinPool.commonPool-worker-9/DEBUG] [net.neoforged.fml.loading.ModSorter/LOADING]: Found 0 mod requirements missing (0 mandatory, 0 optional)
[288月2026 23:51:01.683] [main/INFO] [mixin/]: SpongePowered MIXIN Subsystem Version=0.8.7 Source=file:/C:/Users/Whyij/.gradle/caches/modules-2/files-2.1/net.fabricmc/sponge-mixin/0.16.5+mixin.0.8.7/80fc3a9f592673cea87f4cd702f87991c6c9fe4d/sponge-mixin-0.16.5+mixin.0.8.7.jar Service=FML Env=CLIENT
[288月2026 23:51:01.699] [main/DEBUG] [mixin/]: Initialising Mixin Platform Manager
[288月2026 23:51:01.700] [main/DEBUG] [mixin/]: Adding mixin platform agents for container ContainerHandleVirtual(fml:18c85)
[288月2026 23:51:01.701] [main/DEBUG] [mixin/]: Instancing new MixinPlatformAgentDefault for ContainerHandleVirtual(fml:18c85)
[288月2026 23:51:01.701] [main/DEBUG] [mixin/]: MixinPlatformAgentDefault accepted container ContainerHandleVirtual(fml:18c85)
[288月2026 23:51:01.701] [main/DEBUG] [mixin/]: Instancing new MixinPlatformAgentDefault for ContainerHandleVirtual(fml:18c85)
[288月2026 23:51:01.702] [main/DEBUG] [mixin/]: MixinPlatformAgentDefault accepted container ContainerHandleVirtual(fml:18c85)
[288月2026 23:51:01.702] [main/DEBUG] [mixin/]: Processing prepare() for PlatformAgent[MixinPlatformAgentDefault:ContainerHandleVirtual(fml:18c85)]
[288月2026 23:51:01.702] [main/DEBUG] [mixin/]: Processing prepare() for PlatformAgent[MixinPlatformAgentDefault:ContainerHandleVirtual(fml:18c85)]
[288月2026 23:51:01.703] [main/INFO] [net.neoforged.fml.loading.FMLLoader/]: Loading FML Plugins:
[288月2026 23:51:01.704] [main/INFO] [net.neoforged.fml.loading.FMLLoader/]:  - E:/DSH/WAKEUP/build/moddev/artifacts/neoforge-21.11.45.jar > net.neoforged.neoforge-coremods-21.11.45.jar
[288月2026 23:51:01.708] [main/DEBUG] [net.neoforged.fml.util.ServiceLoaderUtil/CORE]: Found 2 implementations of IModLanguageLoader:
[288月2026 23:51:01.708] [main/DEBUG] [net.neoforged.fml.util.ServiceLoaderUtil/CORE]: 	net.neoforged.fml.javafmlmod.FMLJavaModLanguageProvider from C:/Users/Whyij/.gradle/caches/modules-2/files-2.1/net.neoforged.fancymodloader/loader/10.0.36/f72ab4d3e755fe736829883d90430a281527aca/loader-10.0.36.jar
[288月2026 23:51:01.709] [main/DEBUG] [net.neoforged.fml.util.ServiceLoaderUtil/CORE]: 	net.neoforged.fml.mclanguageprovider.MinecraftModLanguageProvider from C:/Users/Whyij/.gradle/caches/modules-2/files-2.1/net.neoforged.fancymodloader/loader/10.0.36/f72ab4d3e755fe736829883d90430a281527aca/loader-10.0.36.jar
[288月2026 23:51:01.709] [main/DEBUG] [net.neoforged.fml.loading.LanguageProviderLoader/CORE]: Found language provider javafml, version 10.0
[288月2026 23:51:01.710] [main/DEBUG] [net.neoforged.fml.loading.LanguageProviderLoader/CORE]: Found language provider minecraft, version 10.0
[288月2026 23:51:01.712] [main/DEBUG] [net.neoforged.fml.loading.FMLLoader/]: Adding Access Transformer META-INF/accesstransformer.cfg in composite(filtered(jar(E:/DSH/WAKEUP/build/moddev/artifacts/neoforge-21.11.45.jar)))
[288月2026 23:51:01.735] [main/DEBUG] [net.neoforged.fml.loading.FMLLoader/]: Adding Access Transformer META-INF/accesstransformergenerated.cfg in composite(filtered(jar(E:/DSH/WAKEUP/build/moddev/artifacts/neoforge-21.11.45.jar)))
[288月2026 23:51:01.755] [main/DEBUG] [net.neoforged.fml.util.ServiceLoaderUtil/CORE]: Found 5 implementations of ClassProcessor:
[288月2026 23:51:01.755] [main/DEBUG] [net.neoforged.fml.util.ServiceLoaderUtil/CORE]: 	[built-in] net.neoforged.fml.common.asm.AccessTransformerService from C:/Users/Whyij/.gradle/caches/modules-2/files-2.1/net.neoforged.fancymodloader/loader/10.0.36/f72ab4d3e755fe736829883d90430a281527aca/loader-10.0.36.jar
[288月2026 23:51:01.756] [main/DEBUG] [net.neoforged.fml.util.ServiceLoaderUtil/CORE]: 	[built-in] net.neoforged.fml.common.asm.enumextension.RuntimeEnumExtender from C:/Users/Whyij/.gradle/caches/modules-2/files-2.1/net.neoforged.fancymodloader/loader/10.0.36/f72ab4d3e755fe736829883d90430a281527aca/loader-10.0.36.jar
[288月2026 23:51:01.756] [main/DEBUG] [net.neoforged.fml.util.ServiceLoaderUtil/CORE]: 	[built-in] net.neoforged.fml.common.asm.SimpleProcessorsGroup from C:/Users/Whyij/.gradle/caches/modules-2/files-2.1/net.neoforged.fancymodloader/loader/10.0.36/f72ab4d3e755fe736829883d90430a281527aca/loader-10.0.36.jar
[288月2026 23:51:01.756] [main/DEBUG] [net.neoforged.fml.util.ServiceLoaderUtil/CORE]: 	[built-in] net.neoforged.fml.loading.moddiscovery.locators.NeoForgeDevDistCleaner from C:/Users/Whyij/.gradle/caches/modules-2/files-2.1/net.neoforged.fancymodloader/loader/10.0.36/f72ab4d3e755fe736829883d90430a281527aca/loader-10.0.36.jar
[288月2026 23:51:01.756] [main/DEBUG] [net.neoforged.fml.util.ServiceLoaderUtil/CORE]: 	[built-in] net.neoforged.fml.loading.mixin.FMLMixinClassProcessor from C:/Users/Whyij/.gradle/caches/modules-2/files-2.1/net.neoforged.fancymodloader/loader/10.0.36/f72ab4d3e755fe736829883d90430a281527aca/loader-10.0.36.jar
[288月2026 23:51:01.758] [main/DEBUG] [net.neoforged.fml.util.ServiceLoaderUtil/CORE]: Found 1 implementations of ClassProcessorProvider:
[288月2026 23:51:01.758] [main/DEBUG] [net.neoforged.fml.util.ServiceLoaderUtil/CORE]: 	net.neoforged.neoforge.coremods.NeoForgeCoreMod from E:/DSH/WAKEUP/build/moddev/artifacts/neoforge-21.11.45.jar > net.neoforged.neoforge-coremods-21.11.45.jar
[288月2026 23:51:01.776] [main/DEBUG] [net.neoforged.fml.loading.FMLLoader/]: Masking classpath elements: [E:/DSH/WAKEUP/build/classes/java/main, E:/DSH/WAKEUP/build/resources/main, E:/DSH/WAKEUP/build/moddev/artifacts/neoforge-21.11.45.jar, E:/DSH/WAKEUP/build/moddev/artifacts/neoforge-21.11.45-client-extra-aka-minecraft-resources.jar]
[288月2026 23:51:01.785] [main/INFO] [net.neoforged.fml.loading.FMLLoader/]: Building game content classloader:
 - minecraft (composite(jar(E:/DSH/WAKEUP/build/moddev/artifacts/neoforge-21.11.45-client-extra-aka-minecraft-resources.jar), filtered(jar(E:/DSH/WAKEUP/build/moddev/artifacts/neoforge-21.11.45.jar))))
 - mixinextras.neoforge (jar(E:/DSH/WAKEUP/build/moddev/artifacts/neoforge-21.11.45.jar > mixinextras-neoforge-0.5.3.jar))
 - neoforge (composite(filtered(jar(E:/DSH/WAKEUP/build/moddev/artifacts/neoforge-21.11.45.jar))))
 - net.neoforged.fml.generated (empty(VirtualJar/net.neoforged.fml.generated))
 - wakeup (composite(folder(E:/DSH/WAKEUP/build/classes/java/main), folder(E:/DSH/WAKEUP/build/resources/main)))
[288月2026 23:51:01.796] [main/INFO] [net.neoforged.fml.loading.FMLLoader/]: Built game content classloader in 20ms
[288月2026 23:51:01.836] [main/DEBUG] [mixin/]: Processing launch tasks for PlatformAgent[MixinPlatformAgentDefault:ContainerHandleVirtual(fml:18c85)]
[288月2026 23:51:01.836] [main/DEBUG] [mixin/]: Processing launch tasks for PlatformAgent[MixinPlatformAgentDefault:ContainerHandleVirtual(fml:18c85)]
[288月2026 23:51:01.837] [main/DEBUG] [mixin/]: Adding agents for Mixin Container composite(filtered(jar(E:/DSH/WAKEUP/build/moddev/artifacts/neoforge-21.11.45.jar))) > jar(E:/DSH/WAKEUP/build/moddev/artifacts/neoforge-21.11.45.jar > net.neoforged.neoforge-coremods-21.11.45.jar)
[288月2026 23:51:01.837] [main/DEBUG] [mixin/]: Adding mixin platform agents for container composite(filtered(jar(E:/DSH/WAKEUP/build/moddev/artifacts/neoforge-21.11.45.jar))) > jar(E:/DSH/WAKEUP/build/moddev/artifacts/neoforge-21.11.45.jar > net.neoforged.neoforge-coremods-21.11.45.jar)
[288月2026 23:51:01.837] [main/DEBUG] [mixin/]: Instancing new MixinPlatformAgentDefault for composite(filtered(jar(E:/DSH/WAKEUP/build/moddev/artifacts/neoforge-21.11.45.jar))) > jar(E:/DSH/WAKEUP/build/moddev/artifacts/neoforge-21.11.45.jar > net.neoforged.neoforge-coremods-21.11.45.jar)
[288月2026 23:51:01.837] [main/DEBUG] [mixin/]: MixinPlatformAgentDefault accepted container composite(filtered(jar(E:/DSH/WAKEUP/build/moddev/artifacts/neoforge-21.11.45.jar))) > jar(E:/DSH/WAKEUP/build/moddev/artifacts/neoforge-21.11.45.jar > net.neoforged.neoforge-coremods-21.11.45.jar)
[288月2026 23:51:01.837] [main/DEBUG] [mixin/]: Instancing new MixinPlatformAgentDefault for composite(filtered(jar(E:/DSH/WAKEUP/build/moddev/artifacts/neoforge-21.11.45.jar))) > jar(E:/DSH/WAKEUP/build/moddev/artifacts/neoforge-21.11.45.jar > net.neoforged.neoforge-coremods-21.11.45.jar)
[288月2026 23:51:01.838] [main/DEBUG] [mixin/]: MixinPlatformAgentDefault accepted container composite(filtered(jar(E:/DSH/WAKEUP/build/moddev/artifacts/neoforge-21.11.45.jar))) > jar(E:/DSH/WAKEUP/build/moddev/artifacts/neoforge-21.11.45.jar > net.neoforged.neoforge-coremods-21.11.45.jar)
[288月2026 23:51:01.838] [main/DEBUG] [mixin/]: Processing prepare() for PlatformAgent[MixinPlatformAgentDefault:composite(filtered(jar(E:/DSH/WAKEUP/build/moddev/artifacts/neoforge-21.11.45.jar))) > jar(E:/DSH/WAKEUP/build/moddev/artifacts/neoforge-21.11.45.jar > net.neoforged.neoforge-coremods-21.11.45.jar)]
[288月2026 23:51:01.838] [main/DEBUG] [mixin/]: Processing prepare() for PlatformAgent[MixinPlatformAgentDefault:composite(filtered(jar(E:/DSH/WAKEUP/build/moddev/artifacts/neoforge-21.11.45.jar))) > jar(E:/DSH/WAKEUP/build/moddev/artifacts/neoforge-21.11.45.jar > net.neoforged.neoforge-coremods-21.11.45.jar)]
[288月2026 23:51:01.838] [main/DEBUG] [mixin/]: Adding agents for Mixin Container composite(filtered(jar(E:/DSH/WAKEUP/build/moddev/artifacts/neoforge-21.11.45.jar))) > jar(E:/DSH/WAKEUP/build/moddev/artifacts/neoforge-21.11.45.jar > mixinextras-neoforge-0.5.3.jar)
[288月2026 23:51:01.838] [main/DEBUG] [mixin/]: Adding mixin platform agents for container composite(filtered(jar(E:/DSH/WAKEUP/build/moddev/artifacts/neoforge-21.11.45.jar))) > jar(E:/DSH/WAKEUP/build/moddev/artifacts/neoforge-21.11.45.jar > mixinextras-neoforge-0.5.3.jar)
[288月2026 23:51:01.838] [main/DEBUG] [mixin/]: Instancing new MixinPlatformAgentDefault for composite(filtered(jar(E:/DSH/WAKEUP/build/moddev/artifacts/neoforge-21.11.45.jar))) > jar(E:/DSH/WAKEUP/build/moddev/artifacts/neoforge-21.11.45.jar > mixinextras-neoforge-0.5.3.jar)
[288月2026 23:51:01.839] [main/DEBUG] [mixin/]: MixinPlatformAgentDefault accepted container composite(filtered(jar(E:/DSH/WAKEUP/build/moddev/artifacts/neoforge-21.11.45.jar))) > jar(E:/DSH/WAKEUP/build/moddev/artifacts/neoforge-21.11.45.jar > mixinextras-neoforge-0.5.3.jar)
[288月2026 23:51:01.839] [main/DEBUG] [mixin/]: Instancing new MixinPlatformAgentDefault for composite(filtered(jar(E:/DSH/WAKEUP/build/moddev/artifacts/neoforge-21.11.45.jar))) > jar(E:/DSH/WAKEUP/build/moddev/artifacts/neoforge-21.11.45.jar > mixinextras-neoforge-0.5.3.jar)
[288月2026 23:51:01.839] [main/DEBUG] [mixin/]: MixinPlatformAgentDefault accepted container composite(filtered(jar(E:/DSH/WAKEUP/build/moddev/artifacts/neoforge-21.11.45.jar))) > jar(E:/DSH/WAKEUP/build/moddev/artifacts/neoforge-21.11.45.jar > mixinextras-neoforge-0.5.3.jar)
[288月2026 23:51:01.839] [main/DEBUG] [mixin/]: Processing prepare() for PlatformAgent[MixinPlatformAgentDefault:composite(filtered(jar(E:/DSH/WAKEUP/build/moddev/artifacts/neoforge-21.11.45.jar))) > jar(E:/DSH/WAKEUP/build/moddev/artifacts/neoforge-21.11.45.jar > mixinextras-neoforge-0.5.3.jar)]
[288月2026 23:51:01.839] [main/DEBUG] [mixin/]: Registering mixin config: mixinextras.init.mixins.json source=composite(filtered(jar(E:/DSH/WAKEUP/build/moddev/artifacts/neoforge-21.11.45.jar))) > jar(E:/DSH/WAKEUP/build/moddev/artifacts/neoforge-21.11.45.jar > mixinextras-neoforge-0.5.3.jar)
[288月2026 23:51:01.841] [main/DEBUG] [mixin/]: Processing prepare() for PlatformAgent[MixinPlatformAgentDefault:composite(filtered(jar(E:/DSH/WAKEUP/build/moddev/artifacts/neoforge-21.11.45.jar))) > jar(E:/DSH/WAKEUP/build/moddev/artifacts/neoforge-21.11.45.jar > mixinextras-neoforge-0.5.3.jar)]
[288月2026 23:51:01.842] [main/DEBUG] [mixin/]: Registering mixin config: mixinextras.init.mixins.json source=composite(filtered(jar(E:/DSH/WAKEUP/build/moddev/artifacts/neoforge-21.11.45.jar))) > jar(E:/DSH/WAKEUP/build/moddev/artifacts/neoforge-21.11.45.jar > mixinextras-neoforge-0.5.3.jar)
[288月2026 23:51:01.842] [main/DEBUG] [mixin/]: inject() running with 3 agents
[288月2026 23:51:01.842] [main/DEBUG] [mixin/]: Processing inject() for PlatformAgent[MixinPlatformAgentDefault:ContainerHandleVirtual(fml:18c85)]
[288月2026 23:51:01.842] [main/DEBUG] [mixin/]: Processing inject() for PlatformAgent[MixinPlatformAgentDefault:ContainerHandleVirtual(fml:18c85)]
[288月2026 23:51:01.842] [main/DEBUG] [mixin/]: Processing inject() for PlatformAgent[MixinPlatformAgentDefault:composite(filtered(jar(E:/DSH/WAKEUP/build/moddev/artifacts/neoforge-21.11.45.jar))) > jar(E:/DSH/WAKEUP/build/moddev/artifacts/neoforge-21.11.45.jar > net.neoforged.neoforge-coremods-21.11.45.jar)]
[288月2026 23:51:01.842] [main/DEBUG] [mixin/]: Processing inject() for PlatformAgent[MixinPlatformAgentDefault:composite(filtered(jar(E:/DSH/WAKEUP/build/moddev/artifacts/neoforge-21.11.45.jar))) > jar(E:/DSH/WAKEUP/build/moddev/artifacts/neoforge-21.11.45.jar > net.neoforged.neoforge-coremods-21.11.45.jar)]
[288月2026 23:51:01.843] [main/DEBUG] [mixin/]: Processing inject() for PlatformAgent[MixinPlatformAgentDefault:composite(filtered(jar(E:/DSH/WAKEUP/build/moddev/artifacts/neoforge-21.11.45.jar))) > jar(E:/DSH/WAKEUP/build/moddev/artifacts/neoforge-21.11.45.jar > mixinextras-neoforge-0.5.3.jar)]
[288月2026 23:51:01.843] [main/DEBUG] [mixin/]: Processing inject() for PlatformAgent[MixinPlatformAgentDefault:composite(filtered(jar(E:/DSH/WAKEUP/build/moddev/artifacts/neoforge-21.11.45.jar))) > jar(E:/DSH/WAKEUP/build/moddev/artifacts/neoforge-21.11.45.jar > mixinextras-neoforge-0.5.3.jar)]
[288月2026 23:51:01.846] [main/DEBUG] [mixin/]: Preparing mixins for MixinEnvironment[DEFAULT]
[288月2026 23:51:01.846] [main/DEBUG] [mixin/]: Selecting config wakeup.mixins.json
[288月2026 23:51:01.850] [main/DEBUG] [mixin/]: Selecting config neoforge.mixins.json
[288月2026 23:51:01.850] [main/DEBUG] [mixin/]: Selecting config mixinextras.init.mixins.json
[288月2026 23:51:01.889] [main/DEBUG] [MixinExtras|Service/]: com.llamalad7.mixinextras.service.MixinExtrasServiceImpl(version=0.5.3) is taking over from null
[288月2026 23:51:01.912] [main/DEBUG] [mixin/]: Registering new injector for @Inject with org.spongepowered.asm.mixin.injection.struct.CallbackInjectionInfo
[288月2026 23:51:01.914] [main/DEBUG] [mixin/]: Registering new injector for @ModifyArg with org.spongepowered.asm.mixin.injection.struct.ModifyArgInjectionInfo
[288月2026 23:51:01.914] [main/DEBUG] [mixin/]: Registering new injector for @ModifyArgs with org.spongepowered.asm.mixin.injection.struct.ModifyArgsInjectionInfo
[288月2026 23:51:01.915] [main/DEBUG] [mixin/]: Registering new injector for @Redirect with org.spongepowered.asm.mixin.injection.struct.RedirectInjectionInfo
[288月2026 23:51:01.916] [main/DEBUG] [mixin/]: Registering new injector for @ModifyVariable with org.spongepowered.asm.mixin.injection.struct.ModifyVariableInjectionInfo
[288月2026 23:51:01.917] [main/DEBUG] [mixin/]: Registering new injector for @ModifyConstant with org.spongepowered.asm.mixin.injection.struct.ModifyConstantInjectionInfo
[288月2026 23:51:01.925] [main/DEBUG] [mixin/]: Preparing wakeup.mixins.json (2)
[288月2026 23:51:01.994] [main/DEBUG] [mixin/]: Preparing neoforge.mixins.json (2)
[288月2026 23:51:02.000] [main/DEBUG] [mixin/]: Preparing mixinextras.init.mixins.json (0)
[288月2026 23:51:02.171] [main/DEBUG] [io.netty.util.internal.logging.InternalLoggerFactory/]: Using SLF4J as the default logging framework
[288月2026 23:51:02.173] [main/DEBUG] [io.netty.util.ResourceLeakDetector/]: -Dio.netty.leakDetection.level: simple
[288月2026 23:51:02.173] [main/DEBUG] [io.netty.util.ResourceLeakDetector/]: -Dio.netty.leakDetection.targetRecords: 4
[288月2026 23:51:02.835] [Datafixer Bootstrap/INFO] [com.mojang.datafixers.DataFixerBuilder/]: 290 Datafixer optimizations took 275 milliseconds
[288月2026 23:51:02.871] [main/WARN] [oshi.driver.windows.perfmon.PerfmonDisabled/]: Invalid registry value type detected for PerfOS counters. Should be REG_DWORD. Ignoring: HKEY_LOCAL_MACHINE\SYSTEM\CurrentControlSet\Services\PerfOS\Performance\Disable Performance Counters.
[288月2026 23:51:02.926] [pool-8-thread-1/INFO] [MixinExtras|Service/]: Initializing MixinExtras via com.llamalad7.mixinextras.service.MixinExtrasServiceImpl(version=0.5.3).
[288月2026 23:51:02.928] [pool-8-thread-1/DEBUG] [mixin/]: Registering new injector for @SugarWrapper with com.llamalad7.mixinextras.sugar.impl.SugarWrapperInjectionInfo
[288月2026 23:51:02.928] [pool-8-thread-1/DEBUG] [mixin/]: Registering new injector for @FactoryRedirectWrapper with com.llamalad7.mixinextras.wrapper.factory.FactoryRedirectWrapperInjectionInfo
[288月2026 23:51:02.929] [pool-8-thread-1/DEBUG] [mixin/]: Registering new injector for @ExpressionInjectorWrapper with com.llamalad7.mixinextras.expression.impl.wrapper.ExpressionInjectorWrapperInjectionInfo
[288月2026 23:51:02.938] [pool-8-thread-1/DEBUG] [mixin/]: Mixing MappedRegistryAccessor from neoforge.mixins.json into net.minecraft.core.MappedRegistry
[288月2026 23:51:03.057] [pool-8-thread-1/DEBUG] [mixin/]: Mixing LevelMixin from wakeup.mixins.json into net.minecraft.world.level.Level
[288月2026 23:51:03.090] [pool-8-thread-1/DEBUG] [mixin/]: wakeup.mixins.json:LevelMixin from mod wakeup->@Inject::wakeup$recordBlockChange(Lnet/minecraft/core/BlockPos;Lnet/minecraft/world/level/block/state/BlockState;IILorg/spongepowered/asm/mixin/injection/callback/CallbackInfoReturnable;)V doesn't use it's CallbackInfoReturnable
[288月2026 23:51:03.090] [pool-8-thread-1/DEBUG] [mixin/]: wakeup.mixins.json:LevelMixin from mod wakeup->@Inject::wakeup$recordBlockChange(Lnet/minecraft/core/BlockPos;Lnet/minecraft/world/level/block/state/BlockState;IILorg/spongepowered/asm/mixin/injection/callback/CallbackInfoReturnable;)V has 0 override(s) in child classes
[288月2026 23:51:03.090] [pool-8-thread-1/DEBUG] [mixin/]: wakeup.mixins.json:LevelMixin from mod wakeup->@Inject::wakeup$recordBlockChange(Lnet/minecraft/core/BlockPos;Lnet/minecraft/world/level/block/state/BlockState;IILorg/spongepowered/asm/mixin/injection/callback/CallbackInfoReturnable;)V won't be passed a CallbackInfoReturnable as a result
[288月2026 23:51:03.610] [pool-8-thread-1/DEBUG] [mixin/]: Mixing BlockEntityTypeAccessor from neoforge.mixins.json into net.minecraft.world.level.block.entity.BlockEntityType
[288月2026 23:51:08.982] [main/WARN] [net.minecraft.commands.Commands/]: Ambiguity between arguments [teleport, location] and [teleport, destination] with inputs: [0.1 -0.5 .9, 0 0 0]
[288月2026 23:51:08.983] [main/WARN] [net.minecraft.commands.Commands/]: Ambiguity between arguments [teleport, location] and [teleport, targets] with inputs: [0.1 -0.5 .9, 0 0 0]
[288月2026 23:51:08.985] [main/WARN] [net.minecraft.commands.Commands/]: Ambiguity between arguments [teleport, destination] and [teleport, targets] with inputs: [Player, 0123, @e, dd12be42-52a9-4a91-a8a1-11c01849e498]
[288月2026 23:51:08.986] [main/WARN] [net.minecraft.commands.Commands/]: Ambiguity between arguments [teleport, targets] and [teleport, destination] with inputs: [Player, 0123, dd12be42-52a9-4a91-a8a1-11c01849e498]
[288月2026 23:51:08.986] [main/WARN] [net.minecraft.commands.Commands/]: Ambiguity between arguments [teleport, targets, location] and [teleport, targets, destination] with inputs: [0.1 -0.5 .9, 0 0 0]
[288月2026 23:51:08.987] [main/WARN] [net.minecraft.commands.Commands/]: Ambiguity between arguments [waypoint, modify, waypoint, color, reset] and [waypoint, modify, waypoint, color, color] with inputs: [reset]
[288月2026 23:51:09.025] [main/DEBUG] [net.neoforged.fml.ModWorkManager/LOADING]: Using 12 threads for parallel mod-loading
[288月2026 23:51:09.031] [main/DEBUG] [net.neoforged.fml.javafmlmod.FMLModContainer/LOADING]: Creating FMLModContainer instance for wakeup with entrypoints [com.wakeup.wakeup.WakeUp]
[288月2026 23:51:09.034] [main/DEBUG] [net.neoforged.fml.javafmlmod.FMLModContainer/LOADING]: Creating FMLModContainer instance for neoforge with entrypoints [net.neoforged.neoforge.common.NeoForgeMod, net.neoforged.neoforge.common.OnlyInWarningsHandler, net.neoforged.neoforge.client.ClientNeoForgeMod]
[288月2026 23:51:09.050] [modloading-worker-0/INFO] [net.neoforged.neoforge.common.NeoForgeMod/NEOFORGE-MOD]: NeoForge mod loading, version 21.11.45, for MC 1.21.11
[288月2026 23:51:09.058] [modloading-worker-0/DEBUG] [net.neoforged.fml.config.ConfigTracker/CONFIG]: Config file neoforge-server.toml for neoforge tracking
[288月2026 23:51:09.058] [modloading-worker-0/DEBUG] [net.neoforged.fml.config.ConfigTracker/CONFIG]: Config file wakeup-common.toml for wakeup tracking
[288月2026 23:51:09.059] [modloading-worker-0/DEBUG] [net.neoforged.fml.javafmlmod.AutomaticEventSubscriber/LOADING]: Attempting to inject @EventBusSubscriber classes into the eventbus for wakeup
[288月2026 23:51:09.059] [modloading-worker-0/DEBUG] [net.neoforged.fml.config.ConfigTracker/CONFIG]: Config file neoforge-common.toml for neoforge tracking
[288月2026 23:51:09.059] [modloading-worker-0/DEBUG] [net.neoforged.fml.javafmlmod.AutomaticEventSubscriber/LOADING]: Scanning class com.wakeup.wakeup.DreamCommands for @SubscribeEvent-annotated methods
[288月2026 23:51:09.061] [modloading-worker-0/DEBUG] [net.neoforged.fml.javafmlmod.AutomaticEventSubscriber/LOADING]: Subscribing method public static void com.wakeup.wakeup.DreamCommands.onRegisterCommands(net.neoforged.neoforge.event.RegisterCommandsEvent) to the game event bus
[288月2026 23:51:09.063] [modloading-worker-0/DEBUG] [net.neoforged.fml.javafmlmod.AutomaticEventSubscriber/LOADING]: Scanning class com.wakeup.wakeup.DreamEvents for @SubscribeEvent-annotated methods
[288月2026 23:51:09.064] [modloading-worker-0/DEBUG] [net.neoforged.fml.javafmlmod.AutomaticEventSubscriber/LOADING]: Subscribing method public static void com.wakeup.wakeup.DreamEvents.onChunkLoad(net.neoforged.neoforge.event.level.ChunkEvent$Load) to the game event bus
[288月2026 23:51:09.064] [modloading-worker-0/DEBUG] [net.neoforged.fml.javafmlmod.AutomaticEventSubscriber/LOADING]: Subscribing method public static void com.wakeup.wakeup.DreamEvents.onWakeUp(net.neoforged.neoforge.event.entity.player.PlayerWakeUpEvent) to the game event bus
[288月2026 23:51:09.065] [modloading-worker-0/DEBUG] [net.neoforged.fml.javafmlmod.AutomaticEventSubscriber/LOADING]: Subscribing method public static void com.wakeup.wakeup.DreamEvents.onDeath(net.neoforged.neoforge.event.entity.living.LivingDeathEvent) to the game event bus
[288月2026 23:51:09.065] [modloading-worker-0/DEBUG] [net.neoforged.fml.javafmlmod.AutomaticEventSubscriber/LOADING]: Subscribing method public static void com.wakeup.wakeup.DreamEvents.onTick(net.neoforged.neoforge.event.tick.ServerTickEvent$Post) to the game event bus
[288月2026 23:51:09.065] [modloading-worker-0/DEBUG] [net.neoforged.fml.javafmlmod.AutomaticEventSubscriber/LOADING]: Subscribing method public static void com.wakeup.wakeup.DreamEvents.onJoin(net.neoforged.neoforge.event.entity.player.PlayerEvent$PlayerLoggedInEvent) to the game event bus
[288月2026 23:51:09.099] [modloading-worker-0/DEBUG] [net.neoforged.fml.config.ConfigTracker/CONFIG]: Config file neoforge-client.toml for neoforge tracking
[288月2026 23:51:09.111] [modloading-worker-0/DEBUG] [net.neoforged.fml.javafmlmod.AutomaticEventSubscriber/LOADING]: Attempting to inject @EventBusSubscriber classes into the eventbus for neoforge
[288月2026 23:51:09.112] [modloading-worker-0/DEBUG] [net.neoforged.fml.javafmlmod.AutomaticEventSubscriber/LOADING]: Scanning class net.neoforged.neoforge.attachment.AttachmentInternals for @SubscribeEvent-annotated methods
[288月2026 23:51:09.113] [modloading-worker-0/DEBUG] [net.neoforged.fml.javafmlmod.AutomaticEventSubscriber/LOADING]: Subscribing method public static void net.neoforged.neoforge.attachment.AttachmentInternals.onLivingConvert(net.neoforged.neoforge.event.entity.living.LivingConversionEvent$Post) to the game event bus
[288月2026 23:51:09.113] [modloading-worker-0/DEBUG] [net.neoforged.fml.javafmlmod.AutomaticEventSubscriber/LOADING]: Subscribing method public static void net.neoforged.neoforge.attachment.AttachmentInternals.onPlayerClone(net.neoforged.neoforge.event.entity.player.PlayerEvent$Clone) to the game event bus
[288月2026 23:51:09.113] [modloading-worker-0/DEBUG] [net.neoforged.fml.javafmlmod.AutomaticEventSubscriber/LOADING]: Scanning class net.neoforged.neoforge.attachment.AttachmentSync for @SubscribeEvent-annotated methods
[288月2026 23:51:09.115] [modloading-worker-0/DEBUG] [net.neoforged.fml.javafmlmod.AutomaticEventSubscriber/LOADING]: Subscribing method public static void net.neoforged.neoforge.attachment.AttachmentSync.onChunkSent(net.neoforged.neoforge.event.level.ChunkWatchEvent$Sent) to the game event bus
[288月2026 23:51:09.115] [modloading-worker-0/DEBUG] [net.neoforged.fml.javafmlmod.AutomaticEventSubscriber/LOADING]: Scanning class net.neoforged.neoforge.client.BlockEntityRenderBoundsDebugRenderer for @SubscribeEvent-annotated methods
[288月2026 23:51:09.117] [modloading-worker-0/DEBUG] [net.neoforged.fml.javafmlmod.AutomaticEventSubscriber/LOADING]: Subscribing method public static void net.neoforged.neoforge.client.BlockEntityRenderBoundsDebugRenderer.onRegisterClientCommands(net.neoforged.neoforge.client.event.RegisterClientCommandsEvent) to the game event bus
[288月2026 23:51:09.117] [modloading-worker-0/DEBUG] [net.neoforged.fml.javafmlmod.AutomaticEventSubscriber/LOADING]: Subscribing method public static void net.neoforged.neoforge.client.BlockEntityRenderBoundsDebugRenderer.onExtractLevelRenderState(net.neoforged.neoforge.client.event.ExtractLevelRenderStateEvent) to the game event bus
[288月2026 23:51:09.117] [modloading-worker-0/DEBUG] [net.neoforged.fml.javafmlmod.AutomaticEventSubscriber/LOADING]: Subscribing method public static void net.neoforged.neoforge.client.BlockEntityRenderBoundsDebugRenderer.onRenderLevelStage(net.neoforged.neoforge.client.event.RenderLevelStageEvent$AfterEntities) to the game event bus
[288月2026 23:51:09.117] [modloading-worker-0/DEBUG] [net.neoforged.fml.javafmlmod.AutomaticEventSubscriber/LOADING]: Scanning class net.neoforged.neoforge.client.NeoForgeRenderPipelines for @SubscribeEvent-annotated methods
[288月2026 23:51:09.128] [modloading-worker-0/DEBUG] [net.neoforged.fml.javafmlmod.AutomaticEventSubscriber/LOADING]: Subscribing method static void net.neoforged.neoforge.client.NeoForgeRenderPipelines.registerPipelines(net.neoforged.neoforge.client.event.RegisterRenderPipelinesEvent) to the event bus of mod neoforge
[288月2026 23:51:09.128] [modloading-worker-0/DEBUG] [net.neoforged.fml.javafmlmod.AutomaticEventSubscriber/LOADING]: Scanning class net.neoforged.neoforge.client.network.ClientPayloadHandler for @SubscribeEvent-annotated methods
[288月2026 23:51:09.136] [modloading-worker-0/DEBUG] [net.neoforged.fml.javafmlmod.AutomaticEventSubscriber/LOADING]: Subscribing method private static void net.neoforged.neoforge.client.network.ClientPayloadHandler.register(net.neoforged.neoforge.client.network.event.RegisterClientPayloadHandlersEvent) to the event bus of mod neoforge
[288月2026 23:51:09.136] [modloading-worker-0/DEBUG] [net.neoforged.fml.javafmlmod.AutomaticEventSubscriber/LOADING]: Scanning class net.neoforged.neoforge.common.MonsterRoomHooks for @SubscribeEvent-annotated methods
[288月2026 23:51:09.137] [modloading-worker-0/DEBUG] [net.neoforged.fml.javafmlmod.AutomaticEventSubscriber/LOADING]: Subscribing method public static void net.neoforged.neoforge.common.MonsterRoomHooks.onDataMapsUpdated(net.neoforged.neoforge.registries.datamaps.DataMapsUpdatedEvent) to the game event bus
[288月2026 23:51:09.137] [modloading-worker-0/DEBUG] [net.neoforged.fml.javafmlmod.AutomaticEventSubscriber/LOADING]: Scanning class net.neoforged.neoforge.model.data.ModelDataManager for @SubscribeEvent-annotated methods
[288月2026 23:51:09.138] [modloading-worker-0/DEBUG] [net.neoforged.fml.javafmlmod.AutomaticEventSubscriber/LOADING]: Subscribing method public static void net.neoforged.neoforge.model.data.ModelDataManager.onChunkUnload(net.neoforged.neoforge.event.level.ChunkEvent$Unload) to the game event bus
[288月2026 23:51:09.138] [modloading-worker-0/DEBUG] [net.neoforged.fml.javafmlmod.AutomaticEventSubscriber/LOADING]: Scanning class net.neoforged.neoforge.network.ConfigurationInitialization for @SubscribeEvent-annotated methods
[288月2026 23:51:09.140] [modloading-worker-0/DEBUG] [net.neoforged.fml.javafmlmod.AutomaticEventSubscriber/LOADING]: Subscribing method private static void net.neoforged.neoforge.network.ConfigurationInitialization.configureModdedClient(net.neoforged.neoforge.network.event.RegisterConfigurationTasksEvent) to the event bus of mod neoforge
[288月2026 23:51:09.140] [modloading-worker-0/DEBUG] [net.neoforged.fml.javafmlmod.AutomaticEventSubscriber/LOADING]: Scanning class net.neoforged.neoforge.network.NetworkInitialization for @SubscribeEvent-annotated methods
[288月2026 23:51:09.141] [modloading-worker-0/DEBUG] [net.neoforged.fml.javafmlmod.AutomaticEventSubscriber/LOADING]: Subscribing method private static void net.neoforged.neoforge.network.NetworkInitialization.register(net.neoforged.neoforge.network.event.RegisterPayloadHandlersEvent) to the event bus of mod neoforge
[288月2026 23:51:09.141] [modloading-worker-0/DEBUG] [net.neoforged.fml.javafmlmod.AutomaticEventSubscriber/LOADING]: Scanning class net.neoforged.neoforge.network.filters.GenericPacketSplitter for @SubscribeEvent-annotated methods
[288月2026 23:51:09.156] [modloading-worker-0/DEBUG] [io.netty.util.internal.PlatformDependent0/]: Java version: 21
[288月2026 23:51:09.157] [modloading-worker-0/DEBUG] [io.netty.util.internal.PlatformDependent0/]: -Dio.netty.noUnsafe: false
[288月2026 23:51:09.157] [modloading-worker-0/DEBUG] [io.netty.util.internal.PlatformDependent0/]: sun.misc.Unsafe.theUnsafe: available
[288月2026 23:51:09.158] [modloading-worker-0/DEBUG] [io.netty.util.internal.PlatformDependent0/]: sun.misc.Unsafe base methods: all available
[288月2026 23:51:09.158] [modloading-worker-0/DEBUG] [io.netty.util.internal.PlatformDependent0/]: java.nio.Buffer.address: available
[288月2026 23:51:09.158] [modloading-worker-0/DEBUG] [io.netty.util.internal.PlatformDependent0/]: direct buffer constructor: unavailable: Reflective setAccessible(true) disabled
[288月2026 23:51:09.159] [modloading-worker-0/DEBUG] [io.netty.util.internal.PlatformDependent0/]: java.nio.Bits.unaligned: available, true
[288月2026 23:51:09.159] [modloading-worker-0/DEBUG] [io.netty.util.internal.PlatformDependent0/]: jdk.internal.misc.Unsafe.allocateUninitializedArray(int): unavailable: symbolic reference class is not accessible: class jdk.internal.misc.Unsafe, from class io.netty.util.internal.PlatformDependent0 (unnamed module @7a52f2a2)
[288月2026 23:51:09.159] [modloading-worker-0/DEBUG] [io.netty.util.internal.PlatformDependent0/]: java.nio.DirectByteBuffer.<init>(long, {int,long}): unavailable
[288月2026 23:51:09.160] [modloading-worker-0/DEBUG] [io.netty.util.internal.PlatformDependent/]: sun.misc.Unsafe: available
[288月2026 23:51:09.160] [modloading-worker-0/DEBUG] [io.netty.util.internal.PlatformDependent/]: -Dio.netty.tmpdir: C:\Users\Whyij\AppData\Local\Temp (java.io.tmpdir)
[288月2026 23:51:09.160] [modloading-worker-0/DEBUG] [io.netty.util.internal.PlatformDependent/]: -Dio.netty.bitMode: 64 (sun.arch.data.model)
[288月2026 23:51:09.160] [modloading-worker-0/DEBUG] [io.netty.util.internal.PlatformDependent/]: Platform: Windows
[288月2026 23:51:09.160] [modloading-worker-0/DEBUG] [io.netty.util.internal.PlatformDependent/]: -Dio.netty.maxDirectMemory: -1 bytes
[288月2026 23:51:09.161] [modloading-worker-0/DEBUG] [io.netty.util.internal.CleanerJava9/]: java.nio.ByteBuffer.cleaner(): available
[288月2026 23:51:09.161] [modloading-worker-0/DEBUG] [io.netty.util.internal.PlatformDependent/]: -Dio.netty.noPreferDirect: false
[288月2026 23:51:09.162] [modloading-worker-0/DEBUG] [io.netty.util.internal.PlatformDependent/]: -Dio.netty.jfr.enabled: true
[288月2026 23:51:09.166] [modloading-worker-0/DEBUG] [io.netty.buffer.AbstractByteBuf/]: -Dio.netty.buffer.checkAccessible: true
[288月2026 23:51:09.166] [modloading-worker-0/DEBUG] [io.netty.buffer.AbstractByteBuf/]: -Dio.netty.buffer.checkBounds: true
[288月2026 23:51:09.167] [modloading-worker-0/DEBUG] [io.netty.util.ResourceLeakDetectorFactory/]: Loaded default ResourceLeakDetector: io.netty.util.ResourceLeakDetector@49c303a
[288月2026 23:51:09.172] [modloading-worker-0/DEBUG] [io.netty.util.internal.InternalThreadLocalMap/]: -Dio.netty.threadLocalMap.stringBuilder.initialSize: 1024
[288月2026 23:51:09.172] [modloading-worker-0/DEBUG] [io.netty.util.internal.InternalThreadLocalMap/]: -Dio.netty.threadLocalMap.stringBuilder.maxSize: 4096
[288月2026 23:51:09.173] [modloading-worker-0/DEBUG] [io.netty.buffer.AdaptiveByteBufAllocator/]: -Dio.netty.allocator.useCachedMagazinesForNonEventLoopThreads: false
[288月2026 23:51:09.182] [modloading-worker-0/DEBUG] [io.netty.util.Recycler/]: -Dio.netty.recycler.maxCapacityPerThread: 4096
[288月2026 23:51:09.182] [modloading-worker-0/DEBUG] [io.netty.util.Recycler/]: -Dio.netty.recycler.ratio: 8
[288月2026 23:51:09.182] [modloading-worker-0/DEBUG] [io.netty.util.Recycler/]: -Dio.netty.recycler.chunkSize: 32
[288月2026 23:51:09.182] [modloading-worker-0/DEBUG] [io.netty.util.Recycler/]: -Dio.netty.recycler.blocking: false
[288月2026 23:51:09.182] [modloading-worker-0/DEBUG] [io.netty.util.Recycler/]: -Dio.netty.recycler.batchFastThreadLocalOnly: true
[288月2026 23:51:09.185] [modloading-worker-0/DEBUG] [io.netty.buffer.ByteBufUtil/]: -Dio.netty.allocator.type: adaptive
[288月2026 23:51:09.185] [modloading-worker-0/DEBUG] [io.netty.buffer.ByteBufUtil/]: -Dio.netty.threadLocalDirectBufferSize: 0
[288月2026 23:51:09.185] [modloading-worker-0/DEBUG] [io.netty.buffer.ByteBufUtil/]: -Dio.netty.maxThreadLocalCharBufferSize: 16384
[288月2026 23:51:09.189] [modloading-worker-0/DEBUG] [net.neoforged.fml.javafmlmod.AutomaticEventSubscriber/LOADING]: Subscribing method private static void net.neoforged.neoforge.network.filters.GenericPacketSplitter.register(net.neoforged.neoforge.network.event.RegisterPayloadHandlersEvent) to the event bus of mod neoforge
[288月2026 23:51:09.286] [modloading-sync-worker/DEBUG] [net.neoforged.fml.config.ConfigTracker/CONFIG]: Loading configs type CLIENT
[288月2026 23:51:09.292] [modloading-sync-worker/DEBUG] [net.neoforged.neoforge.common.NeoForgeMod/FORGEMOD]: Loaded NeoForge config file neoforge-client.toml
[288月2026 23:51:09.292] [modloading-sync-worker/DEBUG] [net.neoforged.fml.config.ConfigTracker/CONFIG]: Loaded TOML config file E:\DSH\WAKEUP\run\config\neoforge-client.toml
[288月2026 23:51:09.296] [modloading-sync-worker/DEBUG] [net.neoforged.fml.config.ConfigTracker/CONFIG]: Watching TOML config file E:\DSH\WAKEUP\run\config\neoforge-client.toml for changes
[288月2026 23:51:09.296] [modloading-sync-worker/DEBUG] [net.neoforged.fml.config.ConfigTracker/CONFIG]: Loading configs type COMMON
[288月2026 23:51:09.298] [modloading-sync-worker/DEBUG] [net.neoforged.fml.config.ConfigTracker/CONFIG]: Loaded TOML config file E:\DSH\WAKEUP\run\config\wakeup-common.toml
[288月2026 23:51:09.298] [modloading-sync-worker/DEBUG] [net.neoforged.fml.config.ConfigTracker/CONFIG]: Watching TOML config file E:\DSH\WAKEUP\run\config\wakeup-common.toml for changes
[288月2026 23:51:09.299] [modloading-sync-worker/DEBUG] [net.neoforged.neoforge.common.NeoForgeMod/FORGEMOD]: Loaded NeoForge config file neoforge-common.toml
[288月2026 23:51:09.299] [modloading-sync-worker/DEBUG] [net.neoforged.fml.config.ConfigTracker/CONFIG]: Loaded TOML config file E:\DSH\WAKEUP\run\config\neoforge-common.toml
[288月2026 23:51:09.299] [modloading-sync-worker/DEBUG] [net.neoforged.fml.config.ConfigTracker/CONFIG]: Watching TOML config file E:\DSH\WAKEUP\run\config\neoforge-common.toml for changes
[288月2026 23:51:09.424] [Render thread/INFO] [com.mojang.authlib.yggdrasil.YggdrasilAuthenticationService/]: Environment: Environment[sessionHost=https://sessionserver.mojang.com, servicesHost=https://api.minecraftservices.com, profilesHost=https://api.mojang.com, name=PROD]
[288月2026 23:51:09.438] [Render thread/INFO] [net.minecraft.client.Minecraft/]: Setting user: Dev
[288月2026 23:51:09.507] [Render thread/INFO] [net.minecraft.client.Minecraft/]: Backend library: LWJGL version 3.3.3+5
[288月2026 23:51:09.633] [Render thread/INFO] [net.minecraft.client.Minecraft/]: Using optional rendering extensions: GL_ARB_buffer_storage, GL_KHR_debug, GL_ARB_vertex_attrib_binding, GL_ARB_direct_state_access, GL_EXT_texture_filter_anisotropic
[288月2026 23:51:10.237] [Render thread/INFO] [net.minecraft.server.packs.resources.ReloadableResourceManager/]: Reloading ResourceManager: vanilla, mod_resources, mod/wakeup, mod/neoforge
[288月2026 23:51:10.324] [Render thread/DEBUG] [net.neoforged.fml.DeferredWorkQueue/LOADING]: Dispatching synchronous work for work queue Common setup: 1 jobs
[288月2026 23:51:10.326] [Render thread/DEBUG] [net.neoforged.fml.DeferredWorkQueue/LOADING]: Synchronous work queue completed in 801.5 μs
[288月2026 23:51:10.511] [resourceLoad/INFO] [net.minecraft.client.gui.font.providers.UnihexProvider/]: Found unifont_all_no_pua-17.0.01.hex, loading
[288月2026 23:51:10.519] [resourceLoad/INFO] [net.minecraft.client.gui.font.providers.UnihexProvider/]: Found unifont_pua-17.0.01.hex, loading
[288月2026 23:51:10.679] [resourceLoad/INFO] [net.minecraft.client.gui.font.providers.UnihexProvider/]: Found unifont_jp_patch-17.0.01.hex, loading
[288月2026 23:51:11.134] [resourceLoad/WARN] [net.minecraft.client.resources.model.ModelManager/]: Missing texture references in model wakeup:item/totem:
    particle
[288月2026 23:51:11.357] [Render thread/INFO] [com.mojang.blaze3d.audio.Library/]: OpenAL initialized on device OpenAL Soft on 耳机 (ENC AUDIO)
[288月2026 23:51:11.358] [Render thread/INFO] [net.minecraft.client.sounds.SoundEngine/SOUNDS]: Sound engine started
[288月2026 23:51:11.358] [Render thread/INFO] [net.minecraft.client.renderer.texture.TextureAtlas/]: Created: 512x256x0 minecraft:textures/atlas/particles.png-atlas
[288月2026 23:51:11.368] [Render thread/INFO] [net.minecraft.client.renderer.texture.TextureAtlas/]: Created: 128x128x0 minecraft:textures/atlas/decorated_pot.png-atlas
[288月2026 23:51:11.373] [Render thread/INFO] [net.minecraft.client.renderer.texture.TextureAtlas/]: Created: 2048x1024x0 minecraft:textures/atlas/armor_trims.png-atlas
[288月2026 23:51:11.386] [Render thread/INFO] [net.minecraft.client.renderer.texture.TextureAtlas/]: Created: 512x256x0 minecraft:textures/atlas/paintings.png-atlas
[288月2026 23:51:11.403] [Render thread/INFO] [net.minecraft.client.renderer.texture.TextureAtlas/]: Created: 1024x512x0 minecraft:textures/atlas/shield_patterns.png-atlas
[288月2026 23:51:11.405] [Render thread/INFO] [net.minecraft.client.renderer.texture.TextureAtlas/]: Created: 4096x2048x4 minecraft:textures/atlas/blocks.png-atlas
[288月2026 23:51:11.456] [Render thread/INFO] [net.minecraft.client.renderer.texture.TextureAtlas/]: Created: 512x512x0 minecraft:textures/atlas/chest.png-atlas
[288月2026 23:51:11.472] [Render thread/INFO] [net.minecraft.client.renderer.texture.TextureAtlas/]: Created: 256x128x0 minecraft:textures/atlas/celestials.png-atlas
[288月2026 23:51:11.473] [Render thread/INFO] [net.minecraft.client.renderer.texture.TextureAtlas/]: Created: 1024x512x0 minecraft:textures/atlas/banner_patterns.png-atlas
[288月2026 23:51:11.474] [Render thread/INFO] [net.minecraft.client.renderer.texture.TextureAtlas/]: Created: 512x512x0 minecraft:textures/atlas/beds.png-atlas
[288月2026 23:51:11.478] [Render thread/INFO] [net.minecraft.client.renderer.texture.TextureAtlas/]: Created: 1024x512x0 minecraft:textures/atlas/items.png-atlas
[288月2026 23:51:11.488] [Render thread/INFO] [net.minecraft.client.renderer.texture.TextureAtlas/]: Created: 1024x1024x0 minecraft:textures/atlas/gui.png-atlas
[288月2026 23:51:11.511] [Render thread/INFO] [net.minecraft.client.renderer.texture.TextureAtlas/]: Created: 128x64x0 minecraft:textures/atlas/map_decorations.png-atlas
[288月2026 23:51:11.529] [Render thread/INFO] [net.minecraft.client.renderer.texture.TextureAtlas/]: Created: 512x256x0 minecraft:textures/atlas/signs.png-atlas
[288月2026 23:51:11.530] [Render thread/INFO] [net.minecraft.client.renderer.texture.TextureAtlas/]: Created: 512x512x0 minecraft:textures/atlas/shulker_boxes.png-atlas
[288月2026 23:51:11.619] [Render thread/INFO] [net.neoforged.neoforge.client.entity.animation.json.AnimationLoader/]: Loaded 0 entity animations
[288月2026 23:51:11.678] [Render thread/DEBUG] [net.neoforged.fml.classloading.transformation.ClassTransformStatistics/]: Transformed/total loaded classes: 385/7172 (5.37%) and 34 parsed for mixin
